Runtime error: File `invalidInput_integer.txt` does not exists!
Cannot open a file with the `status=old`
